// Jest Snapshot v1, https://goo.gl/fbAQLP

exports[`Render all projects 1`] = `
<DocumentFragment>
  <div>
    <h1
      class="css-a6rct0-Subtitle"
    >
      All Projects:
    </h1>
    <main>
      <section
        class="css-10oyw64-Section"
        role="list"
      />
    </main>
    <div
      class="css-1dbpol2-Center"
    >
      <button
        class="css-nluivw-Button"
      >
        New Project
      </button>
    </div>
  </div>
</DocumentFragment>
`;
