// Jest Snapshot v1, https://goo.gl/fbAQLP

exports[`Forgot password component 1`] = `
<DocumentFragment>
  <div
    class="css-jz5kau-ForgotPassword"
  >
    <form
      class="css-66hfje-ForgotPassword"
    >
      <h1
        class="css-ie4yg3-ForgotPassword"
      >
        Forgot your password
      </h1>
      <h3
        class="css-153pdz6-ForgotPassword"
      >
        If you don't remember it, calm down. You can reset it
      </h3>
      <label
        class="css-j2znw1-ForgotPassword"
        for="Username"
      >
        Email
      </label>
      <input
        aria-label="Enter your email"
        autocomplete="off"
        class="css-48itmg-ForgotPassword"
        name="email"
        placeholder="Enter your email"
        required=""
        type="email"
        value=""
      />
      <button
        class="css-1ntfof7-ForgotPassword"
        type="submit"
      >
        Send Email
      </button>
    </form>
  </div>
</DocumentFragment>
`;
