// Jest Snapshot v1, https://goo.gl/fbAQLP

exports[`Home component 1`] = `
<DocumentFragment>
  <div
    class="css-14ytakr-Home"
  >
    <div
      class="css-1cnrnmv-Home"
    >
      <svg
        fill="currentColor"
        height="1em"
        stroke="currentColor"
        stroke-width="0"
        viewBox="0 0 448 512"
        width="1em"
        xmlns="http://www.w3.org/2000/svg"
      >
        <path
          d="M16 132h416c8.837 0 16-7.163 16-16V76c0-8.837-7.163-16-16-16H16C7.163 60 0 67.163 0 76v40c0 8.837 7.163 16 16 16zm0 160h416c8.837 0 16-7.163 16-16v-40c0-8.837-7.163-16-16-16H16c-8.837 0-16 7.163-16 16v40c0 8.837 7.163 16 16 16zm0 160h416c8.837 0 16-7.163 16-16v-40c0-8.837-7.163-16-16-16H16c-8.837 0-16 7.163-16 16v40c0 8.837 7.163 16 16 16z"
        />
      </svg>
    </div>
    <nav
      class="css-1jq6sci-NavBar"
    >
      <div
        class="css-kgnwp5-NavBar"
      >
        <span>
          Timer Tracker
        </span>
        <span
          class="css-aahvdv-NavBar"
        >
          <svg
            fill="currentColor"
            height="1em"
            stroke="currentColor"
            stroke-width="0"
            viewBox="0 0 352 512"
            width="1em"
            xmlns="http://www.w3.org/2000/svg"
          >
            <path
              d="M242.72 256l100.07-100.07c12.28-12.28 12.28-32.19 0-44.48l-22.24-22.24c-12.28-12.28-32.19-12.28-44.48 0L176 189.28 75.93 89.21c-12.28-12.28-32.19-12.28-44.48 0L9.21 111.45c-12.28 12.28-12.28 32.19 0 44.48L109.28 256 9.21 356.07c-12.28 12.28-12.28 32.19 0 44.48l22.24 22.24c12.28 12.28 32.2 12.28 44.48 0L176 322.72l100.07 100.07c12.28 12.28 32.2 12.28 44.48 0l22.24-22.24c12.28-12.28 12.28-32.19 0-44.48L242.72 256z"
            />
          </svg>
        </span>
      </div>
      <div
        class="css-1wl6jgt-NavBar"
      >
        <a
          aria-current="page"
          href="/"
        >
          <div
            class="css-1hpvyxb-NavBarItem"
            link="/"
          >
            My status
          </div>
        </a>
        <a
          aria-current="page"
          href="/"
        >
          <div
            class="css-1hpvyxb-NavBarItem"
            link="/"
          >
            Projects
          </div>
        </a>
        <a
          href="/members"
        >
          <div
            class="css-1hpvyxb-NavBarItem"
            link="/members"
          >
            Members
          </div>
        </a>
        <a
          href="/history"
        >
          <div
            class="css-1hpvyxb-NavBarItem"
            link="/history"
          >
            History
          </div>
        </a>
        <a
          aria-current="page"
          href="/"
        >
          <div
            class="css-1hpvyxb-NavBarItem"
            link="/"
          >
            User Settings
          </div>
        </a>
      </div>
    </nav>
    <div
      class="css-71a3tm-Home"
      role="group"
      style="outline: none;"
      tabindex="-1"
    >
      <div
        class="css-x3lfmb-Header"
      >
        <h2
          class="css-r3s7bu-Header"
        >
          Projects
        </h2>
        <div
          class="css-warn85-Header"
        >
          <a
            href="/#"
          >
            <div
              class="css-12x38jx-NavBarItem"
              link="#"
            >
              <svg
                fill="currentColor"
                height="1em"
                stroke="currentColor"
                stroke-width="0"
                viewBox="0 0 512 512"
                width="1em"
                xmlns="http://www.w3.org/2000/svg"
              >
                <path
                  d="M256 8C119 8 8 119 8 256s111 248 248 248 248-111 248-248S393 8 256 8zm57.1 350.1L224.9 294c-3.1-2.3-4.9-5.9-4.9-9.7V116c0-6.6 5.4-12 12-12h48c6.6 0 12 5.4 12 12v137.7l63.5 46.2c5.4 3.9 6.5 11.4 2.6 16.8l-28.2 38.8c-3.9 5.3-11.4 6.5-16.8 2.6z"
                />
              </svg>
              <span
                class="css-7dh1m0-Header"
              >
                Log
              </span>
            </div>
          </a>
          <div
            class="css-1jw2xof-Header"
          >
            <div
              class="css-an08zo-Header"
            >
              <svg
                fill="currentColor"
                height="1em"
                stroke="currentColor"
                stroke-width="0"
                viewBox="0 0 448 512"
                width="1em"
                xmlns="http://www.w3.org/2000/svg"
              >
                <path
                  d="M224 256c70.7 0 128-57.3 128-128S294.7 0 224 0 96 57.3 96 128s57.3 128 128 128zm89.6 32h-16.7c-22.2 10.2-46.9 16-72.9 16s-50.6-5.8-72.9-16h-16.7C60.2 288 0 348.2 0 422.4V464c0 26.5 21.5 48 48 48h352c26.5 0 48-21.5 48-48v-41.6c0-74.2-60.2-134.4-134.4-134.4z"
                />
              </svg>
            </div>
            <div
              class="css-c31s15-Header"
            >
              <span>
                Username
              </span>
              <span>
                Role
              </span>
            </div>
          </div>
        </div>
      </div>
    </div>
    <div
      class="css-1uyhewu-Home"
    >
      <div>
        <h1
          class="css-a6rct0-Subtitle"
        >
          All Projects:
        </h1>
        <main>
          <section
            class="css-10oyw64-Section"
            role="list"
          />
        </main>
        <div
          class="css-1dbpol2-Center"
        >
          <button
            class="css-nluivw-Button"
          >
            New Project
          </button>
        </div>
      </div>
    </div>
  </div>
</DocumentFragment>
`;
