// Jest Snapshot v1, https://goo.gl/fbAQLP

exports[`Reset password component 1`] = `
<DocumentFragment>
  <div
    class="css-youhit-ResetPassword"
  >
    <form
      class="css-1cqjfyj-ResetPassword"
    >
      <h1
        class="css-begkmv-ResetPassword"
      >
        Reset Password
      </h1>
      <label
        class="css-1fmvivv-ResetPassword"
        for="Username"
      >
        New password
      </label>
      <input
        aria-label="Enter your new password"
        autocomplete="off"
        class="css-aobge-ResetPassword"
        name="password"
        placeholder="Enter your new password"
        required=""
        type="password"
        value=""
      />
      <br />
      <label
        class="css-1fmvivv-ResetPassword"
        for="Username"
      >
        Confirm new password
      </label>
      <input
        aria-label="Confirm your new password"
        autocomplete="off"
        class="css-aobge-ResetPassword"
        name="confirmPassword"
        placeholder="Confirm your new password"
        required=""
        type="password"
        value=""
      />
      <button
        class="css-1sftwlv-ResetPassword"
        type="submit"
      >
        Confirm
      </button>
    </form>
  </div>
</DocumentFragment>
`;
